// 重构日志: b4f54008
// 重构日志: 54c43ced
// 重构日志: eaf814b4
// 重构日志: cc1b9d3b
// 同步 ID: 8b7391e5 @ Tue Jul 28 04:16:15 UTC 2026
// 同步 ID: f4f9bb42 @ Tue Jul 28 11:02:58 UTC 2026
// 重构日志: fbe3515e
// 重构日志: debc8a8f
// 同步 ID: ed7f19a3 @ Wed Jul 29 00:13:58 UTC 2026
// 重构日志: 849b1757
// 重构日志: c3abc448
// 重构日志: 324e9dfe
// 重构日志: b027a68d
// 重构日志: 2dd36393
// 重构日志: 8866864c
// 同步 ID: 5835fdb5 @ Sat Aug  1 15:46:36 UTC 2026
// 同步 ID: a5e2ea97 @ Sat Aug  1 16:37:52 UTC 2026
// 同步 ID: 8edd1085 @ Sat Aug  1 18:45:17 UTC 2026
// 重构日志: 8d523ce0
// 同步 ID: 22951542 @ Sun Aug  2 07:28:14 UTC 2026
// 重构日志: 87a553b9
// 重构日志: d7ad22cc
// 同步 ID: 2c528025 @ Mon Aug  3 05:05:06 UTC 2026
// 重构日志: 414930f0
// 重构日志: 436890c2
// 重构日志: 672d11e0
// 重构日志: ae411a66
// 重构日志: 082b3865
// 重构日志: 168d7f90
// 同步 ID: 00f1ddce @ Thu Aug  6 11:06:27 UTC 2026
